       Error failed to get cargo metadata: program not found
